// Jest Snapshot v1, https://goo.gl/fbAQLP

exports[`Footer component should render successfully 1`] = `
<footer
  className="c-footer"
>
  <div
    className="o-shell"
  >
    <p>
      Â© 
      2021
       All rights reserved.
    </p>
  </div>
</footer>
`;
