// Jest Snapshot v1, https://goo.gl/fbAQLP

exports[`Header component should render successfully 1`] = `
<header
  className="c-header"
>
  <div
    className="o-shell o-shell--flex"
  >
    <Nav />
  </div>
</header>
`;
