// Jest Snapshot v1, https://goo.gl/fbAQLP

exports[`Field component should render successfully 1`] = `
<div
  className="c-form__field c-form__field--email"
>
  <header
    className="c-form__field-head"
  >
    <label
      htmlFor="email"
    >
      Email Address
    </label>
  </header>
  <input
    id="email"
    name="email"
    onChange={[Function]}
    placeholder="someone@example.com"
    type="email"
  />
</div>
`;
